PS C:\Users\purus\OneDrive\Desktop\project\backend> cd backend
PS C:\Users\purus\OneDrive\Desktop\project\backend> cd backend
Set-Location: Cannot find path 'C:\Users\purus\OneDrive\Desktop\project\backend\backend' because it does not exist.
PS C:\Users\purus\OneDrive\Desktop\project\backend> node server.js
âœ… Connected to SQLite database at C:\Users\purus\OneDrive\Desktop\project\backend\data\clinic.db
Server running on port 5000
PS C:\Users\purus\OneDrive\Desktop\project\backend> npm start     

> clinic-backend@1.0.0 start
> node server.js

âœ… Connected to SQLite database at C:\Users\purus\OneDrive\Desktop\project\backend\data\clinic.db
ðŸ“¦ All tables are ready.
âœ… Database initialized successfully.
ðŸ¥ Clinic API server running on port 5000
ðŸ“Š Health check: http://localhost:5000/api/health
Login error: SqliteError: no such column: name
    at Database.prepare (C:\Users\purus\OneDrive\Desktop\project\backend\node_modules\better-sqlite3\lib\methods\wrappers.js:5:21)
    at C:\Users\purus\OneDrive\Desktop\project\backend\routes\auth.js:63:21
    at Layer.handle [as handle_request] (C:\Users\purus\OneDrive\Desktop\project\backend\node_modules\express\lib\router\layer.js:95:5)
    at next (C:\Users\purus\OneDrive\Desktop\project\backend\node_modules\express\lib\router\route.js:149:13)
    at middleware (C:\Users\purus\OneDrive\Desktop\project\backend\node_modules\express-validator\lib\middlewares\check.js:16:13)
    at process.processTicksAndRejections (node:internal/process/task_queues:105:5) {
  code: 'SQLITE_ERROR'
}
Login error: SqliteError: no such column: name
    at Database.prepare (C:\Users\purus\OneDrive\Desktop\project\backend\node_modules\better-sqlite3\lib\methods\wrappers.js:5:21)
    at C:\Users\purus\OneDrive\Desktop\project\backend\routes\auth.js:63:21
    at Layer.handle [as handle_request] (C:\Users\purus\OneDrive\Desktop\project\backend\node_modules\express\lib\router\layer.js:95:5)
    at next (C:\Users\purus\OneDrive\Desktop\project\backend\node_modules\express\lib\router\route.js:149:13)
    at middleware (C:\Users\purus\OneDrive\Desktop\project\backend\node_modules\express-validator\lib\middlewares\check.js:16:13)
    at process.processTicksAndRejections (node:internal/process/task_queues:105:5) {
  code: 'SQLITE_ERROR'
}
PS C:\Users\purus\OneDrive\Desktop\project\backend> cd ..
PS C:\Users\purus\OneDrive\Desktop\project> git pull origin main
remote: Enumerating objects: 7, done.
remote: Counting objects: 100% (7/7), done.
remote: Compressing objects: 100% (2/2), done.
remote: Total 4 (delta 2), reused 4 (delta 2), pack-reused 0 (from 0)
Unpacking objects: 100% (4/4), 36.83 KiB | 392.00 KiB/s, done.
From https://github.com/purushotham2628/appointments
 * branch            main       -> FETCH_HEAD
   c05816d..9eee081  main       -> origin/main
Updating c05816d..9eee081
Fast-forward
 package-lock.json | 4703 ++++++++++++++++++++++++++++++++++++++++++++++++++---
 package.json      |   22 +-
 2 files changed, 4534 insertions(+), 191 deletions(-)
PS C:\Users\purus\OneDrive\Desktop\project> npm run dev

> clinic-front-desk-system@1.0.0 dev
> concurrently "npm run backend:dev" "npm run frontend:dev"

(node:23584) [DEP0060] DeprecationWarning: The `util._extend` API is deprecated. Please use Object.assign() instead.
(Use `node --trace-deprecation ...` to show where the warning was created)
[0] 
[0] > clinic-front-desk-system@1.0.0 backend:dev
[0] > cd backend && npm run dev
[0]
[1]
[1] > clinic-front-desk-system@1.0.0 frontend:dev
[1] > cd frontend && npm run dev
[1]
[0] 
[0] > clinic-backend@1.0.0 dev
[0] > nodemon server.js
[0]
[1]
[1] > clinic-frontend@1.0.0 dev
[1] > vite
[1]
[0] [nodemon] 3.1.10
[0] [nodemon] to restart at any time, enter `rs`
[0] [nodemon] watching path(s): *.*
[0] [nodemon] watching extensions: js,mjs,cjs,json
[0] [nodemon] starting `node server.js`
[1] Port 5173 is in use, trying another one...
[1]
[1]   VITE v5.4.19  ready in 473 ms
[1]
[1]   âžœ  Local:   http://localhost:5174/
[1]   âžœ  Network: http://192.168.56.1:5174/
[1]   âžœ  Network: http://192.168.1.3:5174/
[0] âœ… Connected to SQLite database at C:\Users\purus\OneDrive\Desktop\project\backend\data\clinic.db
[0] ðŸ“¦ All tables are ready.
[0] âœ… Database initialized successfully.
[0] ðŸ¥ Clinic API server running on port 5000
[0] ðŸ“Š Health check: http://localhost:5000/api/health
PS C:\Users\purus\OneDrive\Desktop\project> [0] Terminate batch job (Y/N)? Terminate batch job (Y/N)? npm run backend:dev exited with code 1
[1] npm run frontend:dev exited with code 1
                                            git pull origin main
remote: Enumerating objects: 15, done.
remote: Counting objects: 100% (15/15), done.
remote: Compressing objects: 100% (1/1), done.
remote: Total 8 (delta 6), reused 8 (delta 6), pack-reused 0 (from 0)
Unpacking objects: 100% (8/8), 984 bytes | 20.00 KiB/s, done.
From https://github.com/purushotham2628/appointments
 * branch            main       -> FETCH_HEAD
   9eee081..d824025  main       -> origin/main
Updating 9eee081..d824025
Fast-forward
 backend/server.js            | 2 +-
 frontend/src/services/api.js | 6 +++++-
 2 files changed, 6 insertions(+), 2 deletions(-)
PS C:\Users\purus\OneDrive\Desktop\project> npm run dev

> clinic-front-desk-system@1.0.0 dev
> concurrently "npm run backend:dev" "npm run frontend:dev"

(node:22660) [DEP0060] DeprecationWarning: The `util._extend` API is deprecated. Please use Object.assign() instead.
(Use `node --trace-deprecation ...` to show where the warning was created)
[0] 
[0] > clinic-front-desk-system@1.0.0 backend:dev
[0] > cd backend && npm run dev
[0]
[1]
[1] > clinic-front-desk-system@1.0.0 frontend:dev
[1] > cd frontend && npm run dev
[1]
[0] 
[0] > clinic-backend@1.0.0 dev
[0] > nodemon server.js
[0]
[1] 
[1] > clinic-frontend@1.0.0 dev
[1] > vite
[1]
[0] [nodemon] 3.1.10
[0] [nodemon] to restart at any time, enter `rs`
[0] [nodemon] watching path(s): *.*
[0] [nodemon] watching extensions: js,mjs,cjs,json
[0] [nodemon] starting `node server.js`
[1] Port 5173 is in use, trying another one...
[1]
[1]   VITE v5.4.19  ready in 473 ms
[1]
[1]   âžœ  Local:   http://localhost:5174/
[1]   âžœ  Network: http://192.168.56.1:5174/
[1]   âžœ  Network: http://192.168.1.3:5174/
[0] âœ… Connected to SQLite database at C:\Users\purus\OneDrive\Desktop\project\backend\data\clinic.db
[0] ðŸ“¦ All tables are ready.
[0] âœ… Database initialized successfully.
[0] ðŸ¥ Clinic API server running on port 5000
[0] ðŸ“Š Health check: http://0.0.0.0:5000/api/health
PS C:\Users\purus\OneDrive\Desktop\project> [0] Terminate batch job (Y/N)? Terminate batch job (Y/N)? npm run backend:dev exited with code 1
[1] npm run frontend:dev exited with code 1
                                            ^C
PS C:\Users\purus\OneDrive\Desktop\project> git pull origin main
remote: Enumerating objects: 23, done.
remote: Counting objects: 100% (23/23), done.
remote: Compressing objects: 100% (2/2), done.
remote: Total 13 (delta 10), reused 13 (delta 10), pack-reused 0 (from 0)
Unpacking objects: 100% (13/13), 2.02 KiB | 29.00 KiB/s, done.
From https://github.com/purushotham2628/appointments
 * branch            main       -> FETCH_HEAD
   d824025..e399bfe  main       -> origin/main
Updating d824025..e399bfe
Fast-forward
 .replit                      |  1 +
 backend/server.js            | 16 +++++++++++++---
 frontend/src/main.jsx        |  9 +++++++++
 frontend/src/services/api.js | 37 +++++++++++++------------------------
 frontend/vite.config.js      |  9 ++-------
 5 files changed, 38 insertions(+), 34 deletions(-)
PS C:\Users\purus\OneDrive\Desktop\project> npm run dev

> clinic-front-desk-system@1.0.0 dev
> concurrently "npm run backend:dev" "npm run frontend:dev"

(node:11676) [DEP0060] DeprecationWarning: The `util._extend` API is deprecated. Please use Object.assign() instead.
(Use `node --trace-deprecation ...` to show where the warning was created)
[0] 
[0] > clinic-front-desk-system@1.0.0 backend:dev
[0] > cd backend && npm run dev
[0]
[1]
[1] > clinic-front-desk-system@1.0.0 frontend:dev
[1] > cd frontend && npm run dev
[1]
[0] 
[0] > clinic-backend@1.0.0 dev
[0] > nodemon server.js
[0]
[1]
[1] > clinic-frontend@1.0.0 dev
[1] > vite
[1]
[0] [nodemon] 3.1.10
[0] [nodemon] to restart at any time, enter `rs`
[0] [nodemon] watching path(s): *.*
[0] [nodemon] watching extensions: js,mjs,cjs,json
[0] [nodemon] starting `node server.js`
[1] Port 5173 is in use, trying another one...
[1]
[1]   VITE v5.4.19  ready in 480 ms
[1]
[1]   âžœ  Local:   http://localhost:5174/
[1]   âžœ  Network: use --host to expose
[0] âœ… Connected to SQLite database at C:\Users\purus\OneDrive\Desktop\project\backend\data\clinic.db
[0] ðŸ“¦ All tables are ready.
[0] âœ… Database initialized successfully.
[0] ðŸ¥ Clinic API server running on port 5000
[0] ðŸ“Š Health check: http://0.0.0.0:5000/api/health
[0] Login error: SqliteError: no such column: name
[0]     at Database.prepare (C:\Users\purus\OneDrive\Desktop\project\backend\node_modules\better-sqlite3\lib\methods\wrappers.js:5:21)
[0]     at C:\Users\purus\OneDrive\Desktop\project\backend\routes\auth.js:63:21
[0]     at Layer.handle [as handle_request] (C:\Users\purus\OneDrive\Desktop\project\backend\node_modules\express\lib\router\layer.js:95:5)
[0]     at next (C:\Users\purus\OneDrive\Desktop\project\backend\node_modules\express\lib\router\route.js:149:13)
[0]     at middleware (C:\Users\purus\OneDrive\Desktop\project\backend\node_modules\express-validator\lib\middlewares\check.js:16:13)
[0]     at process.processTicksAndRejections (node:internal/process/task_queues:105:5) {        
[0]   code: 'SQLITE_ERROR'
[0] }
[0] Login error: SqliteError: no such column: name
[0]     at Database.prepare (C:\Users\purus\OneDrive\Desktop\project\backend\node_modules\better-sqlite3\lib\methods\wrappers.js:5:21)
[0]     at C:\Users\purus\OneDrive\Desktop\project\backend\routes\auth.js:63:21
[0]     at Layer.handle [as handle_request] (C:\Users\purus\OneDrive\Desktop\project\backend\node_modules\express\lib\router\layer.js:95:5)
[0]     at next (C:\Users\purus\OneDrive\Desktop\project\backend\node_modules\express\lib\router\route.js:149:13)
[0]     at middleware (C:\Users\purus\OneDrive\Desktop\project\backend\node_modules\express-validator\lib\middlewares\check.js:16:13)
[0]     at process.processTicksAndRejections (node:internal/process/task_queues:105:5) {        
[0]   code: 'SQLITE_ERROR'
[0] }
[1] Terminate batch job (Y/N)? PS C:\Users\purus\OneDrive\Desktop\project> Terminate batch job (Y/N)? npm run backend:dev exited with code 1
[1] npm run frontend:dev exited with code 1
      ^C
PS C:\Users\purus\OneDrive\Desktop\project> git pull origin main
remote: Enumerating objects: 29, done.
remote: Counting objects: 100% (29/29), done.
remote: Compressing objects: 100% (3/3), done.
remote: Total 16 (delta 10), reused 16 (delta 10), pack-reused 0 (from 0)
Unpacking objects: 100% (16/16), 2.60 KiB | 26.00 KiB/s, done.
From https://github.com/purushotham2628/appointments
 * branch            main       -> FETCH_HEAD
   e399bfe..b2a6918  main       -> origin/main
Updating e399bfe..b2a6918
Fast-forward
 .replit                              |  1 -
 backend/middleware/auth.js           |  2 +-
 backend/server.js                    | 53 +++++++++++++++++++++++++++++++-----
 frontend/src/context/AuthContext.jsx |  3 +-
 frontend/src/services/api.js         |  6 +---
 frontend/vite.config.js              | 22 +++++++++++++--
 6 files changed, 69 insertions(+), 18 deletions(-)
PS C:\Users\purus\OneDrive\Desktop\project> npm run dev   

> clinic-front-desk-system@1.0.0 dev
> concurrently "npm run backend:dev" "npm run frontend:dev"

(node:12960) [DEP0060] DeprecationWarning: The `util._extend` API is deprecated. Please use Object.assign() instead.
(Use `node --trace-deprecation ...` to show where the warning was created)
[0] 
[0] > clinic-front-desk-system@1.0.0 backend:dev
[0] > cd backend && npm run dev
[0]
[1]
[1] > clinic-front-desk-system@1.0.0 frontend:dev
[1] > cd frontend && npm run dev
[1]
[0] 
[0] > clinic-backend@1.0.0 dev
[0] > nodemon server.js
[0]
[1]
[1] > clinic-frontend@1.0.0 dev
[1] > vite
[1]
[0] [nodemon] 3.1.10
[0] [nodemon] to restart at any time, enter `rs`
[0] [nodemon] watching path(s): *.*
[0] [nodemon] watching extensions: js,mjs,cjs,json
[0] [nodemon] starting `node server.js`
[1] Port 5173 is in use, trying another one...
[1] 
[1]   VITE v5.4.19  ready in 521 ms
[1]
[1]   âžœ  Local:   http://localhost:5174/
[1]   âžœ  Network: http://192.168.56.1:5174/
[1]   âžœ  Network: http://10.123.2.104:5174/
[0] âœ… Connected to SQLite database at C:\Users\purus\OneDrive\Desktop\project\backend\data\clinic.db
[0] ðŸ“¦ All tables are ready.
[0] âœ… Database initialized successfully.
[0] ðŸ“¦ All tables are ready.
[0] C:\Users\purus\OneDrive\Desktop\project\backend\server.js:90
[0]   .then(async () => {
[0]   ^
[0]
[0] TypeError: Cannot read properties of undefined (reading 'then')
[0]     at Object.<anonymous> (C:\Users\purus\OneDrive\Desktop\project\backend\server.js:90:3)  
[0]     at Module._compile (node:internal/modules/cjs/loader:1688:14)
[0]     at Object..js (node:internal/modules/cjs/loader:1820:10)
[0]     at Module.load (node:internal/modules/cjs/loader:1423:32)
[0]     at Function._load (node:internal/modules/cjs/loader:1246:12)
[0]     at TracingChannel.traceSync (node:diagnostics_channel:322:14)
[0]     at wrapModuleLoad (node:internal/modules/cjs/loader:235:24)
[0]     at Function.executeUserEntryPoint [as runMain] (node:internal/modules/run_main:171:5)   
[0]     at node:internal/main/run_main_module:36:49
[0]
[0] Node.js v22.18.0
[0] [nodemon] app crashed - waiting for file changes before starting...